<?xml version="1.0" encoding="utf-8"?>
<HPXML xmlns="http://hpxmlonline.com/2023/09" schemaVersion="4.0">
	<XMLTransactionHeaderInformation>
		<XMLType>HPXML</XMLType>
		<XMLGeneratedBy>h2ktohpxml.py</XMLGeneratedBy>
		<CreatedDateAndTime>2000-01-01T00:00:00-07:00</CreatedDateAndTime>
		<Transaction>create</Transaction>
	</XMLTransactionHeaderInformation>
	<SoftwareInfo>
		<extension>
			<SimulationControl>
				<Timestep>60</Timestep>
			</SimulationControl>
			<EmissionsScenarios>
				<EmissionsScenario>
					<Name>Total Emissions (CO2)</Name>
					<EmissionsType>CO2e</EmissionsType>
					<EmissionsFactor>
						<FuelType>electricity</FuelType>
						<Units>kg/MWh</Units>
						<Value>30</Value>
					</EmissionsFactor>
					<EmissionsFactor>
						<FuelType>natural gas</FuelType>
						<Units>kg/MBtu</Units>
						<Value>30</Value>
					</EmissionsFactor>
					<EmissionsFactor>
						<FuelType>propane</FuelType>
						<Units>kg/MBtu</Units>
						<Value>30</Value>
					</EmissionsFactor>
					<EmissionsFactor>
						<FuelType>fuel oil</FuelType>
						<Units>kg/MBtu</Units>
						<Value>30</Value>
					</EmissionsFactor>
					<EmissionsFactor>
						<FuelType>wood</FuelType>
						<Units>kg/MBtu</Units>
						<Value>30</Value>
					</EmissionsFactor>
					<EmissionsFactor>
						<FuelType>wood pellets</FuelType>
						<Units>kg/MBtu</Units>
						<Value>30</Value>
					</EmissionsFactor>
				</EmissionsScenario>
			</EmissionsScenarios>
			<UtilityBillScenarios>
				<UtilityBillScenario>
					<Name>Bills</Name>
					<UtilityRate>
						<FuelType>electricity</FuelType>
						<FixedCharge>30</FixedCharge>
						<MarginalRate>0.12</MarginalRate>
					</UtilityRate>
					<UtilityRate>
						<FuelType>natural gas</FuelType>
						<FixedCharge>30</FixedCharge>
						<MarginalRate>0.12</MarginalRate>
					</UtilityRate>
					<UtilityRate>
						<FuelType>propane</FuelType>
						<FixedCharge>30</FixedCharge>
						<MarginalRate>0.12</MarginalRate>
					</UtilityRate>
					<UtilityRate>
						<FuelType>fuel oil</FuelType>
						<FixedCharge>30</FixedCharge>
						<MarginalRate>0.12</MarginalRate>
					</UtilityRate>
					<UtilityRate>
						<FuelType>wood</FuelType>
						<FixedCharge>30</FixedCharge>
						<MarginalRate>0.12</MarginalRate>
					</UtilityRate>
					<UtilityRate>
						<FuelType>wood pellets</FuelType>
						<FixedCharge>30</FixedCharge>
						<MarginalRate>0.12</MarginalRate>
					</UtilityRate>
					<PVCompoensation>
						<CompensationType>
							<NetMetering/>
						</CompensationType>
					</PVCompoensation>
				</UtilityBillScenario>
			</UtilityBillScenarios>
		</extension>
	</SoftwareInfo>
	<Building>
		<BuildingID id="MyBuilding"/>
		<Site>
			<SiteID id="SiteID"/>
		</Site>
		<ProjectStatus>
			<EventType>proposed workscope</EventType>
		</ProjectStatus>
		<BuildingDetails>
			<BuildingSummary>
				<Site>
					<SiteType>suburban</SiteType>
					<Surroundings>stand-alone</Surroundings>
					<VerticalSurroundings>no units above or below</VerticalSurroundings>
					<ShieldingofHome>well-shielded</ShieldingofHome>
					<AzimuthOfFrontOfHome>0</AzimuthOfFrontOfHome>
					<FuelTypesAvailable>
						<Fuel>electricity</Fuel>
						<Fuel>natural gas</Fuel>
						<Fuel>propane</Fuel>
						<Fuel>fuel oil</Fuel>
						<Fuel>wood</Fuel>
						<Fuel>wood pellets</Fuel>
					</FuelTypesAvailable>
					<Soil>
						<Conductivity>0.491</Conductivity>
					</Soil>
				</Site>
				<BuildingOccupancy>
					<NumberofResidents>3</NumberofResidents>
				</BuildingOccupancy>
				<BuildingConstruction>
					<ResidentialFacilityType>single-family detached</ResidentialFacilityType>
					<NumberofConditionedFloors>3</NumberofConditionedFloors>
					<NumberofConditionedFloorsAboveGrade>2</NumberofConditionedFloorsAboveGrade>
					<AverageCeilingHeight>8.0</AverageCeilingHeight>
					<NumberofBedrooms>3</NumberofBedrooms>
					<NumberofBathrooms>2</NumberofBathrooms>
					<ConditionedFloorArea>3079.7201</ConditionedFloorArea>
					<ConditionedBuildingVolume>26811.01</ConditionedBuildingVolume>
				</BuildingConstruction>
				<extension>
					<NaturalVentilationAvailabilityDaysperWeek>0</NaturalVentilationAvailabilityDaysperWeek>
				</extension>
			</BuildingSummary>
			<ClimateandRiskZones>
				<WeatherStation>
					<SystemIdentifier id="WeatherStation"/>
					<Name>/workspaces/h2k-hpxml/src/h2k_hpxml/_deps/OpenStudio-HPXML/weather/CAN_ON_London.AP.716230_CWEC2020</Name>
					<extension>
						<EPWFilePath>/workspaces/h2k-hpxml/src/h2k_hpxml/_deps/OpenStudio-HPXML/weather/CAN_ON_London.AP.716230_CWEC2020.epw</EPWFilePath>
					</extension>
				</WeatherStation>
			</ClimateandRiskZones>
			<Enclosure>
				<AirInfiltration>
					<AirInfiltrationMeasurement>
						<SystemIdentifier id="AirInfiltrationMeasurement1"/>
						<HousePressure>50</HousePressure>
						<BuildingAirLeakage>
							<UnitofMeasure>ACH</UnitofMeasure>
							<AirLeakage>4.5069</AirLeakage>
						</BuildingAirLeakage>
						<InfiltrationVolume>26811.01</InfiltrationVolume>
					</AirInfiltrationMeasurement>
					<extension>
						<HasFlueOrChimneyInConditionedSpace>true</HasFlueOrChimneyInConditionedSpace>
					</extension>
				</AirInfiltration>
				<Attics>
					<Attic>
						<SystemIdentifier id="Attic1"/>
						<AtticType>
							<Attic>
								<Vented>true</Vented>
							</Attic>
						</AtticType>
						<VentilationRate>
							<UnitofMeasure>ACHnatural</UnitofMeasure>
							<Value>2.4</Value>
						</VentilationRate>
						<AttachedToRoof idref="Roof1"/>
						<AttachedToWall idref="Wall4"/>
						<AttachedToFloor idref="Floor2"/>
						<extension>
							<H2kLabel>Ceiling01</H2kLabel>
						</extension>
					</Attic>
				</Attics>
				<Foundations>
					<Foundation>
						<SystemIdentifier id="Foundation1"/>
						<FoundationType>
							<Basement>
								<Conditioned>true</Conditioned>
							</Basement>
						</FoundationType>
						<AttachedToFoundationWall idref="FoundationWall1"/>
						<AttachedToSlab idref="Slab1"/>
						<extension>
							<H2kLabel>Foundation - 1</H2kLabel>
						</extension>
					</Foundation>
				</Foundations>
				<Roofs>
					<Roof>
						<SystemIdentifier id="Roof1"/>
						<InteriorAdjacentTo>attic - vented</InteriorAdjacentTo>
						<Area>1355.5630236588454</Area>
						<RoofType>asphalt or fiberglass shingles</RoofType>
						<SolarAbsorptance>0.4</SolarAbsorptance>
						<Emittance>0.9</Emittance>
						<Pitch>4</Pitch>
						<RadiantBarrier>false</RadiantBarrier>
						<Insulation>
							<SystemIdentifier id="Roof1Insulation"/>
							<AssemblyEffectiveRValue>1.07</AssemblyEffectiveRValue>
						</Insulation>
						<extension>
							<H2kLabel>Ceiling01</H2kLabel>
						</extension>
					</Roof>
				</Roofs>
				<RimJoists>
					<RimJoist>
						<SystemIdentifier id="RimJoist1"/>
						<ExteriorAdjacentTo>outside</ExteriorAdjacentTo>
						<InteriorAdjacentTo>conditioned space</InteriorAdjacentTo>
						<Area>124.8</Area>
						<Insulation>
							<SystemIdentifier id="RimJoist1Insulation"/>
							<AssemblyEffectiveRValue>21.76</AssemblyEffectiveRValue>
						</Insulation>
						<extension>
							<H2kLabel>MW hdr-02</H2kLabel>
						</extension>
					</RimJoist>
					<RimJoist>
						<SystemIdentifier id="RimJoist2"/>
						<ExteriorAdjacentTo>outside</ExteriorAdjacentTo>
						<InteriorAdjacentTo>conditioned space</InteriorAdjacentTo>
						<Area>121.6</Area>
						<Insulation>
							<SystemIdentifier id="RimJoist2Insulation"/>
							<AssemblyEffectiveRValue>21.97</AssemblyEffectiveRValue>
						</Insulation>
						<extension>
							<H2kLabel>BW hdr-01</H2kLabel>
						</extension>
					</RimJoist>
				</RimJoists>
				<Walls>
					<Wall>
						<SystemIdentifier id="Wall1"/>
						<ExteriorAdjacentTo>outside</ExteriorAdjacentTo>
						<InteriorAdjacentTo>conditioned space</InteriorAdjacentTo>
						<WallType>
							<WoodStud/>
						</WallType>
						<Area>234.0</Area>
						<Siding>wood siding</Siding>
						<SolarAbsorptance>0.4</SolarAbsorptance>
						<Emittance>0.9</Emittance>
						<InteriorFinish>
							<Type>gypsum board</Type>
						</InteriorFinish>
						<Insulation>
							<SystemIdentifier id="Wall1Insulation"/>
							<AssemblyEffectiveRValue>15.64</AssemblyEffectiveRValue>
						</Insulation>
						<extension>
							<H2kLabel>Garage Wall</H2kLabel>
						</extension>
					</Wall>
					<Wall>
						<SystemIdentifier id="Wall2"/>
						<ExteriorAdjacentTo>outside</ExteriorAdjacentTo>
						<InteriorAdjacentTo>conditioned space</InteriorAdjacentTo>
						<WallType>
							<WoodStud/>
						</WallType>
						<Area>1170.0</Area>
						<Siding>wood siding</Siding>
						<SolarAbsorptance>0.4</SolarAbsorptance>
						<Emittance>0.9</Emittance>
						<InteriorFinish>
							<Type>gypsum board</Type>
						</InteriorFinish>
						<Insulation>
							<SystemIdentifier id="Wall2Insulation"/>
							<AssemblyEffectiveRValue>18.32</AssemblyEffectiveRValue>
						</Insulation>
						<extension>
							<H2kLabel>Main floor</H2kLabel>
						</extension>
					</Wall>
					<Wall>
						<SystemIdentifier id="Wall3"/>
						<ExteriorAdjacentTo>outside</ExteriorAdjacentTo>
						<InteriorAdjacentTo>conditioned space</InteriorAdjacentTo>
						<WallType>
							<WoodStud/>
						</WallType>
						<Area>880.0</Area>
						<Siding>wood siding</Siding>
						<SolarAbsorptance>0.4</SolarAbsorptance>
						<Emittance>0.9</Emittance>
						<InteriorFinish>
							<Type>gypsum board</Type>
						</InteriorFinish>
						<Insulation>
							<SystemIdentifier id="Wall3Insulation"/>
							<AssemblyEffectiveRValue>16.97</AssemblyEffectiveRValue>
						</Insulation>
						<extension>
							<H2kLabel>Second level</H2kLabel>
						</extension>
					</Wall>
					<Wall>
						<SystemIdentifier id="Wall4"/>
						<ExteriorAdjacentTo>outside</ExteriorAdjacentTo>
						<InteriorAdjacentTo>attic - vented</InteriorAdjacentTo>
						<AtticWallType>gable</AtticWallType>
						<WallType>
							<WoodStud/>
						</WallType>
						<Area>65.23850098619329</Area>
						<Siding>wood siding</Siding>
						<SolarAbsorptance>0.4</SolarAbsorptance>
						<Emittance>0.9</Emittance>
						<Insulation>
							<SystemIdentifier id="Wall4Insulation"/>
							<AssemblyEffectiveRValue>1.1</AssemblyEffectiveRValue>
						</Insulation>
						<extension>
							<H2kLabel>Ceiling01</H2kLabel>
						</extension>
					</Wall>
				</Walls>
				<FoundationWalls>
					<FoundationWall>
						<SystemIdentifier id="FoundationWall1"/>
						<ExteriorAdjacentTo>ground</ExteriorAdjacentTo>
						<InteriorAdjacentTo>basement - conditioned</InteriorAdjacentTo>
						<Height>7.6001</Height>
						<Area>1155.2380002999998</Area>
						<Thickness>8.0</Thickness>
						<DepthBelowGrade>6.6001</DepthBelowGrade>
						<InteriorFinish>
							<Type>gypsum board</Type>
						</InteriorFinish>
						<Insulation>
							<SystemIdentifier id="FoundationWall1Insulation"/>
							<AssemblyEffectiveRValue>1.702648</AssemblyEffectiveRValue>
						</Insulation>
						<extension>
							<H2kLabel>Foundation - 1</H2kLabel>
						</extension>
					</FoundationWall>
				</FoundationWalls>
				<Floors>
					<Floor>
						<SystemIdentifier id="Floor1"/>
						<ExteriorAdjacentTo>outside</ExteriorAdjacentTo>
						<InteriorAdjacentTo>conditioned space</InteriorAdjacentTo>
						<FloorType>
							<WoodFrame/>
						</FloorType>
						<Area>82.0</Area>
						<InteriorFinish>
							<Type>none</Type>
						</InteriorFinish>
						<Insulation>
							<SystemIdentifier id="Floor1Insulation"/>
							<AssemblyEffectiveRValue>24.96</AssemblyEffectiveRValue>
						</Insulation>
						<extension>
							<H2kLabel>Exp Floor-01</H2kLabel>
						</extension>
					</Floor>
					<Floor>
						<SystemIdentifier id="Floor2"/>
						<ExteriorAdjacentTo>attic - vented</ExteriorAdjacentTo>
						<InteriorAdjacentTo>conditioned space</InteriorAdjacentTo>
						<FloorOrCeiling>ceiling</FloorOrCeiling>
						<FloorType>
							<WoodFrame/>
						</FloorType>
						<Area>1286.0</Area>
						<InteriorFinish>
							<Type>gypsum board</Type>
						</InteriorFinish>
						<Insulation>
							<SystemIdentifier id="Floor2Insulation"/>
							<AssemblyEffectiveRValue>13.18</AssemblyEffectiveRValue>
						</Insulation>
						<extension>
							<H2kLabel>Ceiling01</H2kLabel>
						</extension>
					</Floor>
				</Floors>
				<Slabs>
					<Slab>
						<SystemIdentifier id="Slab1"/>
						<InteriorAdjacentTo>basement - conditioned</InteriorAdjacentTo>
						<Area>1184.0001</Area>
						<Thickness>4.0</Thickness>
						<ExposedPerimeter>152.003</ExposedPerimeter>
						<PerimeterInsulation>
							<SystemIdentifier id="Slab1PerimeterInsulation"/>
							<Layer>
								<NominalRValue>0.0</NominalRValue>
								<InsulationDepth>0.0</InsulationDepth>
							</Layer>
						</PerimeterInsulation>
						<UnderSlabInsulation>
							<SystemIdentifier id="Slab1UnderSlabInsulation"/>
							<Layer>
								<NominalRValue>0.0</NominalRValue>
								<InsulationSpansEntireSlab>true</InsulationSpansEntireSlab>
							</Layer>
						</UnderSlabInsulation>
						<extension>
							<CarpetFraction>0.0</CarpetFraction>
							<CarpetRValue>0.0</CarpetRValue>
							<H2kLabel>Foundation - 1</H2kLabel>
						</extension>
					</Slab>
				</Slabs>
				<Windows>
					<Window>
						<SystemIdentifier id="Window3"/>
						<Area>22.1</Area>
						<Azimuth>180</Azimuth>
						<UFactor>0.5142</UFactor>
						<SHGC>0.62</SHGC>
						<InteriorShading>
							<SystemIdentifier id="Window3InteriorShading"/>
							<SummerShadingCoefficient>1</SummerShadingCoefficient>
							<WinterShadingCoefficient>1</WinterShadingCoefficient>
						</InteriorShading>
						<Overhangs>
							<Depth>1.35</Depth>
							<DistanceToTopOfWindow>8.66</DistanceToTopOfWindow>
							<DistanceToBottomOfWindow>13.66</DistanceToBottomOfWindow>
						</Overhangs>
						<FractionOperable>0</FractionOperable>
						<AttachedToWall idref="Wall2"/>
						<extension>
							<H2kLabel>Back South</H2kLabel>
						</extension>
					</Window>
					<Window>
						<SystemIdentifier id="Window4"/>
						<Area>36.85</Area>
						<Azimuth>180</Azimuth>
						<UFactor>0.5251</UFactor>
						<SHGC>0.59</SHGC>
						<InteriorShading>
							<SystemIdentifier id="Window4InteriorShading"/>
							<SummerShadingCoefficient>1</SummerShadingCoefficient>
							<WinterShadingCoefficient>1</WinterShadingCoefficient>
						</InteriorShading>
						<Overhangs>
							<Depth>1.35</Depth>
							<DistanceToTopOfWindow>8.66</DistanceToTopOfWindow>
							<DistanceToBottomOfWindow>15.16</DistanceToBottomOfWindow>
						</Overhangs>
						<FractionOperable>0</FractionOperable>
						<AttachedToWall idref="Wall2"/>
						<extension>
							<H2kLabel>Back South Patio Door</H2kLabel>
						</extension>
					</Window>
					<Window>
						<SystemIdentifier id="Window5"/>
						<Area>12.5</Area>
						<Azimuth>180</Azimuth>
						<UFactor>0.521</UFactor>
						<SHGC>0.57</SHGC>
						<InteriorShading>
							<SystemIdentifier id="Window5InteriorShading"/>
							<SummerShadingCoefficient>1</SummerShadingCoefficient>
							<WinterShadingCoefficient>1</WinterShadingCoefficient>
						</InteriorShading>
						<Overhangs>
							<Depth>1.35</Depth>
							<DistanceToTopOfWindow>8.66</DistanceToTopOfWindow>
							<DistanceToBottomOfWindow>13.66</DistanceToBottomOfWindow>
						</Overhangs>
						<FractionOperable>0</FractionOperable>
						<AttachedToWall idref="Wall2"/>
						<extension>
							<H2kLabel>Back South-2</H2kLabel>
						</extension>
					</Window>
					<Window>
						<SystemIdentifier id="Window6"/>
						<Area>12.5</Area>
						<Azimuth>180</Azimuth>
						<UFactor>0.521</UFactor>
						<SHGC>0.57</SHGC>
						<InteriorShading>
							<SystemIdentifier id="Window6InteriorShading"/>
							<SummerShadingCoefficient>1</SummerShadingCoefficient>
							<WinterShadingCoefficient>1</WinterShadingCoefficient>
						</InteriorShading>
						<Overhangs>
							<Depth>1.35</Depth>
							<DistanceToTopOfWindow>8.66</DistanceToTopOfWindow>
							<DistanceToBottomOfWindow>13.66</DistanceToBottomOfWindow>
						</Overhangs>
						<FractionOperable>0</FractionOperable>
						<AttachedToWall idref="Wall2"/>
						<extension>
							<H2kLabel>Back South-2</H2kLabel>
						</extension>
					</Window>
					<Window>
						<SystemIdentifier id="Window7"/>
						<Area>37.69</Area>
						<Azimuth>0</Azimuth>
						<UFactor>0.5105</UFactor>
						<SHGC>0.65</SHGC>
						<InteriorShading>
							<SystemIdentifier id="Window7InteriorShading"/>
							<SummerShadingCoefficient>1</SummerShadingCoefficient>
							<WinterShadingCoefficient>1</WinterShadingCoefficient>
						</InteriorShading>
						<Overhangs>
							<Depth>1.35</Depth>
							<DistanceToTopOfWindow>8.66</DistanceToTopOfWindow>
							<DistanceToBottomOfWindow>16.08</DistanceToBottomOfWindow>
						</Overhangs>
						<FractionOperable>0</FractionOperable>
						<AttachedToWall idref="Wall2"/>
						<extension>
							<H2kLabel>Front North</H2kLabel>
						</extension>
					</Window>
					<Window>
						<SystemIdentifier id="Window8"/>
						<Area>14.06</Area>
						<Azimuth>90</Azimuth>
						<UFactor>0.5402</UFactor>
						<SHGC>0.49</SHGC>
						<InteriorShading>
							<SystemIdentifier id="Window8InteriorShading"/>
							<SummerShadingCoefficient>1</SummerShadingCoefficient>
							<WinterShadingCoefficient>1</WinterShadingCoefficient>
						</InteriorShading>
						<Overhangs>
							<Depth>1.35</Depth>
							<DistanceToTopOfWindow>8.66</DistanceToTopOfWindow>
							<DistanceToBottomOfWindow>12.41</DistanceToBottomOfWindow>
						</Overhangs>
						<FractionOperable>0</FractionOperable>
						<AttachedToWall idref="Wall2"/>
						<extension>
							<H2kLabel>Left East</H2kLabel>
						</extension>
					</Window>
					<Window>
						<SystemIdentifier id="Window9"/>
						<Area>11.55</Area>
						<Azimuth>180</Azimuth>
						<UFactor>0.5201</UFactor>
						<SHGC>0.58</SHGC>
						<InteriorShading>
							<SystemIdentifier id="Window9InteriorShading"/>
							<SummerShadingCoefficient>1</SummerShadingCoefficient>
							<WinterShadingCoefficient>1</WinterShadingCoefficient>
						</InteriorShading>
						<Overhangs>
							<Depth>1.35</Depth>
							<DistanceToTopOfWindow>8.66</DistanceToTopOfWindow>
							<DistanceToBottomOfWindow>11.74</DistanceToBottomOfWindow>
						</Overhangs>
						<FractionOperable>0</FractionOperable>
						<AttachedToWall idref="Wall3"/>
						<extension>
							<H2kLabel>Back South 2nd Flr-1</H2kLabel>
						</extension>
					</Window>
					<Window>
						<SystemIdentifier id="Window10"/>
						<Area>25.77</Area>
						<Azimuth>0</Azimuth>
						<UFactor>0.5131</UFactor>
						<SHGC>0.63</SHGC>
						<InteriorShading>
							<SystemIdentifier id="Window10InteriorShading"/>
							<SummerShadingCoefficient>1</SummerShadingCoefficient>
							<WinterShadingCoefficient>1</WinterShadingCoefficient>
						</InteriorShading>
						<Overhangs>
							<Depth>1.35</Depth>
							<DistanceToTopOfWindow>8.66</DistanceToTopOfWindow>
							<DistanceToBottomOfWindow>14.49</DistanceToBottomOfWindow>
						</Overhangs>
						<FractionOperable>0</FractionOperable>
						<AttachedToWall idref="Wall3"/>
						<extension>
							<H2kLabel>Front North 2nd Flr-1</H2kLabel>
						</extension>
					</Window>
					<Window>
						<SystemIdentifier id="Window11"/>
						<Area>14.06</Area>
						<Azimuth>0</Azimuth>
						<UFactor>0.5181</UFactor>
						<SHGC>0.59</SHGC>
						<InteriorShading>
							<SystemIdentifier id="Window11InteriorShading"/>
							<SummerShadingCoefficient>1</SummerShadingCoefficient>
							<WinterShadingCoefficient>1</WinterShadingCoefficient>
						</InteriorShading>
						<Overhangs>
							<Depth>1.35</Depth>
							<DistanceToTopOfWindow>8.66</DistanceToTopOfWindow>
							<DistanceToBottomOfWindow>12.41</DistanceToBottomOfWindow>
						</Overhangs>
						<FractionOperable>0</FractionOperable>
						<AttachedToWall idref="Wall3"/>
						<extension>
							<H2kLabel>Front North 2nd Flr-1</H2kLabel>
						</extension>
					</Window>
					<Window>
						<SystemIdentifier id="Window1"/>
						<Area>5.83</Area>
						<Azimuth>0</Azimuth>
						<UFactor>0.5394</UFactor>
						<SHGC>0.54</SHGC>
						<InteriorShading>
							<SystemIdentifier id="Window1InteriorShading"/>
							<SummerShadingCoefficient>1</SummerShadingCoefficient>
							<WinterShadingCoefficient>1</WinterShadingCoefficient>
						</InteriorShading>
						<FractionOperable>0</FractionOperable>
						<AttachedToWall idref="Wall2"/>
						<extension>
							<H2kLabel>Window -31</H2kLabel>
						</extension>
					</Window>
					<Window>
						<SystemIdentifier id="Window2"/>
						<Area>5.83</Area>
						<Azimuth>0</Azimuth>
						<UFactor>0.5394</UFactor>
						<SHGC>0.54</SHGC>
						<InteriorShading>
							<SystemIdentifier id="Window2InteriorShading"/>
							<SummerShadingCoefficient>1</SummerShadingCoefficient>
							<WinterShadingCoefficient>1</WinterShadingCoefficient>
						</InteriorShading>
						<FractionOperable>0</FractionOperable>
						<AttachedToWall idref="Wall2"/>
						<extension>
							<H2kLabel>Window -31</H2kLabel>
						</extension>
					</Window>
					<Window>
						<SystemIdentifier id="Window12"/>
						<Area>6.66</Area>
						<Azimuth>90</Azimuth>
						<UFactor>0.5337</UFactor>
						<SHGC>0.48</SHGC>
						<InteriorShading>
							<SystemIdentifier id="Window12InteriorShading"/>
							<SummerShadingCoefficient>1</SummerShadingCoefficient>
							<WinterShadingCoefficient>1</WinterShadingCoefficient>
						</InteriorShading>
						<Overhangs>
							<Depth>1.35</Depth>
							<DistanceToTopOfWindow>8.66</DistanceToTopOfWindow>
							<DistanceToBottomOfWindow>10.66</DistanceToBottomOfWindow>
						</Overhangs>
						<FractionOperable>0</FractionOperable>
						<AttachedToWall idref="FoundationWall1"/>
						<extension>
							<H2kLabel>Left East FDN-2</H2kLabel>
						</extension>
					</Window>
					<Window>
						<SystemIdentifier id="Window13"/>
						<Area>6.66</Area>
						<Azimuth>90</Azimuth>
						<UFactor>0.5337</UFactor>
						<SHGC>0.48</SHGC>
						<InteriorShading>
							<SystemIdentifier id="Window13InteriorShading"/>
							<SummerShadingCoefficient>1</SummerShadingCoefficient>
							<WinterShadingCoefficient>1</WinterShadingCoefficient>
						</InteriorShading>
						<Overhangs>
							<Depth>1.35</Depth>
							<DistanceToTopOfWindow>8.66</DistanceToTopOfWindow>
							<DistanceToBottomOfWindow>10.66</DistanceToBottomOfWindow>
						</Overhangs>
						<FractionOperable>0</FractionOperable>
						<AttachedToWall idref="FoundationWall1"/>
						<extension>
							<H2kLabel>Left East FDN-2</H2kLabel>
						</extension>
					</Window>
					<Window>
						<SystemIdentifier id="Window14"/>
						<Area>6.66</Area>
						<Azimuth>270</Azimuth>
						<UFactor>0.5337</UFactor>
						<SHGC>0.48</SHGC>
						<InteriorShading>
							<SystemIdentifier id="Window14InteriorShading"/>
							<SummerShadingCoefficient>1</SummerShadingCoefficient>
							<WinterShadingCoefficient>1</WinterShadingCoefficient>
						</InteriorShading>
						<Overhangs>
							<Depth>1.35</Depth>
							<DistanceToTopOfWindow>8.66</DistanceToTopOfWindow>
							<DistanceToBottomOfWindow>10.66</DistanceToBottomOfWindow>
						</Overhangs>
						<FractionOperable>0</FractionOperable>
						<AttachedToWall idref="FoundationWall1"/>
						<extension>
							<H2kLabel>Right West FDN-2</H2kLabel>
						</extension>
					</Window>
					<Window>
						<SystemIdentifier id="Window15"/>
						<Area>6.66</Area>
						<Azimuth>270</Azimuth>
						<UFactor>0.5337</UFactor>
						<SHGC>0.48</SHGC>
						<InteriorShading>
							<SystemIdentifier id="Window15InteriorShading"/>
							<SummerShadingCoefficient>1</SummerShadingCoefficient>
							<WinterShadingCoefficient>1</WinterShadingCoefficient>
						</InteriorShading>
						<Overhangs>
							<Depth>1.35</Depth>
							<DistanceToTopOfWindow>8.66</DistanceToTopOfWindow>
							<DistanceToBottomOfWindow>10.66</DistanceToBottomOfWindow>
						</Overhangs>
						<FractionOperable>0</FractionOperable>
						<AttachedToWall idref="FoundationWall1"/>
						<extension>
							<H2kLabel>Right West FDN-2</H2kLabel>
						</extension>
					</Window>
				</Windows>
				<Doors>
					<Door>
						<SystemIdentifier id="Door1"/>
						<AttachedToWall idref="Wall1"/>
						<Area>17.81</Area>
						<RValue>5.5647</RValue>
						<extension>
							<H2kLabel>Door-02</H2kLabel>
						</extension>
					</Door>
					<Door>
						<SystemIdentifier id="Door2"/>
						<AttachedToWall idref="Wall2"/>
						<Area>13.89</Area>
						<RValue>5.5647</RValue>
						<extension>
							<H2kLabel>Door-01</H2kLabel>
						</extension>
					</Door>
					<Door>
						<SystemIdentifier id="Door3"/>
						<AttachedToWall idref="Wall2"/>
						<Area>17.81</Area>
						<RValue>5.5647</RValue>
						<extension>
							<H2kLabel>Door-03</H2kLabel>
						</extension>
					</Door>
				</Doors>
			</Enclosure>
			<Systems>
				<HVAC>
					<HVACPlant>
						<PrimarySystems>
							<PrimaryHeatingSystem idref="HeatingSystem1"/>
							<PrimaryCoolingSystem idref="CoolingSystem1"/>
						</PrimarySystems>
						<HeatingSystem>
							<SystemIdentifier id="HeatingSystem1"/>
							<DistributionSystem idref="HVACAirDistribution1"/>
							<HeatingSystemType>
								<Furnace/>
							</HeatingSystemType>
							<HeatingSystemFuel>natural gas</HeatingSystemFuel>
							<AnnualHeatingEfficiency>
								<Units>AFUE</Units>
								<Value>0.9</Value>
							</AnnualHeatingEfficiency>
							<FractionHeatLoadServed>1</FractionHeatLoadServed>
							<extension>
								<HeatingAutosizingFactor>1.1</HeatingAutosizingFactor>
							</extension>
						</HeatingSystem>
						<HeatingSystem>
							<SystemIdentifier id="SupplHeatingSystem1"/>
							<HeatingSystemType>
								<Fireplace/>
							</HeatingSystemType>
							<HeatingSystemFuel>natural gas</HeatingSystemFuel>
							<HeatingCapacity>6824.28</HeatingCapacity>
							<AnnualHeatingEfficiency>
								<Units>Percent</Units>
								<Value>0.3</Value>
							</AnnualHeatingEfficiency>
							<FractionHeatLoadServed>0</FractionHeatLoadServed>
						</HeatingSystem>
						<CoolingSystem>
							<SystemIdentifier id="CoolingSystem1"/>
							<DistributionSystem idref="HVACAirDistribution1"/>
							<CoolingSystemType>central air conditioner</CoolingSystemType>
							<CoolingSystemFuel>electricity</CoolingSystemFuel>
							<FractionCoolLoadServed>1</FractionCoolLoadServed>
							<AnnualCoolingEfficiency>
								<Units>SEER</Units>
								<Value>12.0</Value>
							</AnnualCoolingEfficiency>
							<SensibleHeatFraction>0.76</SensibleHeatFraction>
							<extension>
								<CoolingAutosizingFactor>1.0</CoolingAutosizingFactor>
							</extension>
						</CoolingSystem>
					</HVACPlant>
					<HVACControl>
						<SystemIdentifier id="HVACControl1"/>
						<SetpointTempHeatingSeason>69.8</SetpointTempHeatingSeason>
						<SetbackTempHeatingSeason>64.4</SetbackTempHeatingSeason>
						<TotalSetbackHoursperWeekHeating>56</TotalSetbackHoursperWeekHeating>
						<SetpointTempCoolingSeason>77.0</SetpointTempCoolingSeason>
					</HVACControl>
					<HVACDistribution>
						<SystemIdentifier id="HVACAirDistribution1"/>
						<DistributionSystemType>
							<AirDistribution>
								<AirDistributionType>regular velocity</AirDistributionType>
								<DuctLeakageMeasurement>
									<DuctType>supply</DuctType>
									<DuctLeakage>
										<Units>CFM25</Units>
										<Value>0</Value>
										<TotalOrToOutside>to outside</TotalOrToOutside>
									</DuctLeakage>
								</DuctLeakageMeasurement>
								<DuctLeakageMeasurement>
									<DuctType>return</DuctType>
									<DuctLeakage>
										<Units>CFM25</Units>
										<Value>0</Value>
										<TotalOrToOutside>to outside</TotalOrToOutside>
									</DuctLeakage>
								</DuctLeakageMeasurement>
								<Ducts>
									<SystemIdentifier id="Ducts1"/>
									<DuctType>supply</DuctType>
									<DuctInsulationRValue>0.0</DuctInsulationRValue>
								</Ducts>
								<Ducts>
									<SystemIdentifier id="Ducts2"/>
									<DuctType>return</DuctType>
									<DuctInsulationRValue>0.0</DuctInsulationRValue>
								</Ducts>
							</AirDistribution>
						</DistributionSystemType>
						<ConditionedFloorAreaServed>2997.75</ConditionedFloorAreaServed>
					</HVACDistribution>
				</HVAC>
				<MechanicalVentilation>
					<VentilationFans>
						<VentilationFan>
							<SystemIdentifier id="VentilationFan1"/>
							<FanType>exhaust only</FanType>
							<RatedFlowRate>69.92</RatedFlowRate>
							<HoursInOperation>1.2</HoursInOperation>
							<FanLocation>bath</FanLocation>
							<UsedForLocalVentilation>true</UsedForLocalVentilation>
							<FanPower>25.08</FanPower>
						</VentilationFan>
						<VentilationFan>
							<SystemIdentifier id="VentilationFan2"/>
							<FanType>exhaust only</FanType>
							<RatedFlowRate>69.92</RatedFlowRate>
							<HoursInOperation>1.2</HoursInOperation>
							<FanLocation>bath</FanLocation>
							<UsedForLocalVentilation>true</UsedForLocalVentilation>
							<FanPower>25.08</FanPower>
						</VentilationFan>
						<VentilationFan>
							<SystemIdentifier id="VentilationFan3"/>
							<FanType>exhaust only</FanType>
							<RatedFlowRate>158.92</RatedFlowRate>
							<HoursInOperation>1.2</HoursInOperation>
							<FanLocation>kitchen</FanLocation>
							<UsedForLocalVentilation>true</UsedForLocalVentilation>
							<FanPower>57.0</FanPower>
						</VentilationFan>
						<VentilationFan>
							<SystemIdentifier id="VentilationFan4"/>
							<FanType>exhaust only</FanType>
							<RatedFlowRate>69.92</RatedFlowRate>
							<HoursInOperation>1.2</HoursInOperation>
							<FanLocation>bath</FanLocation>
							<UsedForLocalVentilation>true</UsedForLocalVentilation>
							<FanPower>25.08</FanPower>
						</VentilationFan>
					</VentilationFans>
				</MechanicalVentilation>
				<WaterHeating>
					<WaterHeatingSystem>
						<SystemIdentifier id="WaterHeatingSystem1"/>
						<FuelType>natural gas</FuelType>
						<WaterHeaterType>storage water heater</WaterHeaterType>
						<Location>basement - conditioned</Location>
						<TankVolume>65.0</TankVolume>
						<FractionDHWLoadServed>1</FractionDHWLoadServed>
						<EnergyFactor>0.6</EnergyFactor>
						<HotWaterTemperature>131.0</HotWaterTemperature>
					</WaterHeatingSystem>
					<HotWaterDistribution>
						<SystemIdentifier id="HotWaterDistribution1"/>
						<SystemType>
							<Standard/>
						</SystemType>
						<PipeInsulation>
							<PipeRValue>0</PipeRValue>
						</PipeInsulation>
					</HotWaterDistribution>
					<WaterFixture>
						<SystemIdentifier id="WaterFixture1"/>
						<WaterFixtureType>shower head</WaterFixtureType>
						<FlowRate>2.51</FlowRate>
					</WaterFixture>
					<WaterFixture>
						<SystemIdentifier id="WaterFixture2"/>
						<WaterFixtureType>faucet</WaterFixtureType>
						<FlowRate>2.19</FlowRate>
					</WaterFixture>
					<extension>
						<WaterFixturesUsageMultiplier>0.9720821614062193</WaterFixturesUsageMultiplier>
					</extension>
				</WaterHeating>
			</Systems>
			<Appliances>
				<ClothesWasher>
					<SystemIdentifier id="ClothesWasher1"/>
					<Location>conditioned space</Location>
					<IntegratedModifiedEnergyFactor>0.9</IntegratedModifiedEnergyFactor>
					<RatedAnnualkWh>799.9866185979007</RatedAnnualkWh>
					<LabelElectricRate>0.3</LabelElectricRate>
					<LabelGasRate>1.09</LabelGasRate>
					<LabelAnnualGasCost>60</LabelAnnualGasCost>
					<LabelUsage>3.4981607286516403</LabelUsage>
					<Capacity>3</Capacity>
				</ClothesWasher>
				<ClothesDryer>
					<SystemIdentifier id="ClothesDryer1"/>
					<Location>conditioned space</Location>
					<FuelType>electricity</FuelType>
					<CombinedEnergyFactor>1.4490416844833736</CombinedEnergyFactor>
					<Vented>true</Vented>
					<VentedFlowRate>80.52</VentedFlowRate>
				</ClothesDryer>
				<Dishwasher>
					<SystemIdentifier id="Dishwasher1"/>
					<Location>conditioned space</Location>
					<RatedAnnualkWh>302.907477193877</RatedAnnualkWh>
					<PlaceSettingCapacity>12</PlaceSettingCapacity>
					<LabelElectricRate>0.12</LabelElectricRate>
					<LabelGasRate>1.09</LabelGasRate>
					<LabelAnnualGasCost>22.23</LabelAnnualGasCost>
					<LabelUsage>1.6180799644034478</LabelUsage>
				</Dishwasher>
				<Refrigerator>
					<SystemIdentifier id="Refrigerator1"/>
					<Location>conditioned space</Location>
					<RatedAnnualkWh>639</RatedAnnualkWh>
					<PrimaryIndicator>true</PrimaryIndicator>
				</Refrigerator>
				<CookingRange>
					<SystemIdentifier id="CookingRange1"/>
					<Location>conditioned space</Location>
					<FuelType>electricity</FuelType>
					<IsInduction>false</IsInduction>
					<extension>
						<UsageMultiplier>1.1985574883326262</UsageMultiplier>
					</extension>
				</CookingRange>
				<Oven>
					<SystemIdentifier id="Oven1"/>
					<IsConvection>false</IsConvection>
				</Oven>
			</Appliances>
			<Lighting>
				<LightingGroup>
					<SystemIdentifier id="LightingGroup1"/>
					<Location>interior</Location>
					<Load>
						<Units>kWh/year</Units>
						<Value>949.0</Value>
					</Load>
				</LightingGroup>
				<LightingGroup>
					<SystemIdentifier id="LightingGroup2"/>
					<Location>exterior</Location>
					<Load>
						<Units>kWh/year</Units>
						<Value>328.5</Value>
					</Load>
				</LightingGroup>
			</Lighting>
			<MiscLoads>
				<PlugLoad>
					<SystemIdentifier id="PlugLoad1"/>
					<PlugLoadType>other</PlugLoadType>
					<Load>
						<Units>kWh/year</Units>
						<Value>3540.4999999999995</Value>
					</Load>
				</PlugLoad>
			</MiscLoads>
		</BuildingDetails>
	</Building>
</HPXML>